// Jest Snapshot v1, https://goo.gl/fbAQLP

exports[`Accounting main Component should render correctly 1`] = `
<div>
  ACCOUNTING
</div>
`;
