// Jest Snapshot v1, https://goo.gl/fbAQLP

exports[`Dashboard main Component should render correctly 1`] = `
<div>
  DASHBOARD
</div>
`;
