// Jest Snapshot v1, https://goo.gl/fbAQLP

exports[`TheoryLesson main Component should render correctly 1`] = `
<div>
  THEORY LESSON
</div>
`;
