// Jest Snapshot v1, https://goo.gl/fbAQLP

exports[`Company main Component should render correctly 1`] = `
<div>
  COMPANY
</div>
`;
