// Jest Snapshot v1, https://goo.gl/fbAQLP

exports[`Payment main Component should render correctly 1`] = `
<div>
  PAYMENT
</div>
`;
