// Jest Snapshot v1, https://goo.gl/fbAQLP

exports[`Customer main Component should render correctly 1`] = `
<div>
  CUSTOMER
</div>
`;
