// Jest Snapshot v1, https://goo.gl/fbAQLP

exports[`Employee main Component should render correctly 1`] = `
<div>
  EMPLOYEE
</div>
`;
