// Jest Snapshot v1, https://goo.gl/fbAQLP

exports[`DriveLesson main Component should render correctly 1`] = `
<div>
  DRIVE LESSON
</div>
`;
